// Jest Snapshot v1, https://goo.gl/fbAQLP

exports[`<ItunesHome /> container tests should render and match the snapshot 1`] = `
<body>
  <div>
    <div
      class="ItunesHome__CenteredDiv-o6ln02-2 bIlxZJ"
    >
      <div
        class="ant-card ant-card-bordered"
      >
        <div
          class="ant-card-head"
        >
          <div
            class="ant-card-head-wrapper"
          >
            <div
              class="ant-card-head-title"
            >
              <p
                class="T__StyledText-gjlic1-0 cbAvsY"
                data-testid="t"
              >
                Search for your favourite tracks
              </p>
            </div>
          </div>
        </div>
        <div
          class="ant-card-body"
        >
          <div
            class="ItunesHome__FlexWrapper-o6ln02-1 gRKyOl"
          >
            <input
              class="ant-input ItunesHome__CustomInput-o6ln02-0 cUUiMi"
              data-testid="search-term"
              placeholder="Search itunes"
              type="text"
              value=""
            />
          </div>
        </div>
      </div>
      <div
        class="TrackGrid__Container-sc-1fqyrr9-4 glDrzJ"
        data-testid="track-grid"
      />
    </div>
  </div>
</body>
`;
